// Bun Snapshot v1, https://bun.sh/docs/test/snapshots

exports[`workflow 1`] = `undefined`;
